=== BADGE-REL START Tue Sep 22 07:21:28 PM +06 2026 ===
device=cuda torch=2.12.0+cu130
grid: 171 runs
skip (done): fmnist random 0.0 0
skip (done): fmnist random 0.0 1
skip (done): fmnist random 0.0 2
skip (done): fmnist entropy 0.0 0
skip (done): fmnist entropy 0.0 1
skip (done): fmnist entropy 0.0 2
skip (done): fmnist bald 0.0 0
skip (done): fmnist bald 0.0 1
skip (done): fmnist bald 0.0 2
skip (done): fmnist coreset 0.0 0
skip (done): fmnist coreset 0.0 1
skip (done): fmnist coreset 0.0 2
skip (done): fmnist learnloss 0.0 0
skip (done): fmnist learnloss 0.0 1
skip (done): fmnist learnloss 0.0 2
skip (done): fmnist badge 0.0 0
skip (done): fmnist badge 0.0 1
skip (done): fmnist badge 0.0 2
skip (done): fmnist iris 0.0 0
skip (done): fmnist iris 0.0 1
skip (done): fmnist iris 0.0 2
skip (done): fmnist iris-grad 0.0 0
skip (done): fmnist iris-grad 0.0 1
skip (done): fmnist iris-grad 0.0 2
skip (done): fmnist iris-nodiv 0.0 0
skip (done): fmnist iris-nodiv 0.0 1
skip (done): fmnist iris-nodiv 0.0 2
skip (done): fmnist random 0.2 0
skip (done): fmnist random 0.2 1
skip (done): fmnist random 0.2 2
skip (done): fmnist entropy 0.2 0
skip (done): fmnist entropy 0.2 1
skip (done): fmnist entropy 0.2 2
skip (done): fmnist bald 0.2 0
skip (done): fmnist bald 0.2 1
skip (done): fmnist bald 0.2 2
skip (done): fmnist coreset 0.2 0
skip (done): fmnist coreset 0.2 1
skip (done): fmnist coreset 0.2 2
skip (done): fmnist learnloss 0.2 0
skip (done): fmnist learnloss 0.2 1
skip (done): fmnist learnloss 0.2 2
skip (done): fmnist badge 0.2 0
skip (done): fmnist badge 0.2 1
skip (done): fmnist badge 0.2 2
skip (done): fmnist iris 0.2 0
skip (done): fmnist iris 0.2 1
skip (done): fmnist iris 0.2 2
skip (done): fmnist iris-grad 0.2 0
skip (done): fmnist iris-grad 0.2 1
skip (done): fmnist iris-grad 0.2 2
skip (done): fmnist iris-norel 0.2 0
skip (done): fmnist iris-norel 0.2 1
skip (done): fmnist iris-norel 0.2 2
=== run 55/171: fmnist badge-rel noise=0.2 seed=0 ===
[fmnist|badge-rel|noise=0.2|seed=0] round 0: n=500 acc=0.7100 (3s)
[fmnist|badge-rel|noise=0.2|seed=0] round 1: n=1000 acc=0.7963 (9s)
[fmnist|badge-rel|noise=0.2|seed=0] round 2: n=1500 acc=0.8376 (15s)
[fmnist|badge-rel|noise=0.2|seed=0] round 3: n=2000 acc=0.8526 (22s)
[fmnist|badge-rel|noise=0.2|seed=0] round 4: n=2500 acc=0.8622 (30s)
    saved fmnist_badge-rel_noise0.2_seed0_round5.pt
[fmnist|badge-rel|noise=0.2|seed=0] round 5: n=3000 acc=0.8792 (38s)
=== run 56/171: fmnist badge-rel noise=0.2 seed=1 ===
[fmnist|badge-rel|noise=0.2|seed=1] round 0: n=500 acc=0.7338 (3s)
[fmnist|badge-rel|noise=0.2|seed=1] round 1: n=1000 acc=0.7894 (9s)
[fmnist|badge-rel|noise=0.2|seed=1] round 2: n=1500 acc=0.8301 (15s)
[fmnist|badge-rel|noise=0.2|seed=1] round 3: n=2000 acc=0.8464 (22s)
[fmnist|badge-rel|noise=0.2|seed=1] round 4: n=2500 acc=0.8632 (30s)
    saved fmnist_badge-rel_noise0.2_seed1_round5.pt
[fmnist|badge-rel|noise=0.2|seed=1] round 5: n=3000 acc=0.8701 (38s)
=== run 57/171: fmnist badge-rel noise=0.2 seed=2 ===
[fmnist|badge-rel|noise=0.2|seed=2] round 0: n=500 acc=0.7363 (3s)
[fmnist|badge-rel|noise=0.2|seed=2] round 1: n=1000 acc=0.8040 (9s)
[fmnist|badge-rel|noise=0.2|seed=2] round 2: n=1500 acc=0.8312 (15s)
[fmnist|badge-rel|noise=0.2|seed=2] round 3: n=2000 acc=0.8550 (22s)
[fmnist|badge-rel|noise=0.2|seed=2] round 4: n=2500 acc=0.8648 (30s)
    saved fmnist_badge-rel_noise0.2_seed2_round5.pt
[fmnist|badge-rel|noise=0.2|seed=2] round 5: n=3000 acc=0.8722 (38s)
skip (done): cifar10 random 0.0 0
skip (done): cifar10 random 0.0 1
skip (done): cifar10 random 0.0 2
skip (done): cifar10 entropy 0.0 0
skip (done): cifar10 entropy 0.0 1
skip (done): cifar10 entropy 0.0 2
skip (done): cifar10 bald 0.0 0
skip (done): cifar10 bald 0.0 1
skip (done): cifar10 bald 0.0 2
skip (done): cifar10 coreset 0.0 0
skip (done): cifar10 coreset 0.0 1
skip (done): cifar10 coreset 0.0 2
skip (done): cifar10 learnloss 0.0 0
skip (done): cifar10 learnloss 0.0 1
skip (done): cifar10 learnloss 0.0 2
skip (done): cifar10 badge 0.0 0
skip (done): cifar10 badge 0.0 1
skip (done): cifar10 badge 0.0 2
skip (done): cifar10 iris 0.0 0
skip (done): cifar10 iris 0.0 1
skip (done): cifar10 iris 0.0 2
skip (done): cifar10 iris-grad 0.0 0
skip (done): cifar10 iris-grad 0.0 1
skip (done): cifar10 iris-grad 0.0 2
skip (done): cifar10 iris-nodiv 0.0 0
skip (done): cifar10 iris-nodiv 0.0 1
skip (done): cifar10 iris-nodiv 0.0 2
skip (done): cifar10 random 0.2 0
skip (done): cifar10 random 0.2 1
skip (done): cifar10 random 0.2 2
skip (done): cifar10 entropy 0.2 0
skip (done): cifar10 entropy 0.2 1
skip (done): cifar10 entropy 0.2 2
skip (done): cifar10 bald 0.2 0
skip (done): cifar10 bald 0.2 1
skip (done): cifar10 bald 0.2 2
skip (done): cifar10 coreset 0.2 0
skip (done): cifar10 coreset 0.2 1
skip (done): cifar10 coreset 0.2 2
skip (done): cifar10 learnloss 0.2 0
skip (done): cifar10 learnloss 0.2 1
skip (done): cifar10 learnloss 0.2 2
skip (done): cifar10 badge 0.2 0
skip (done): cifar10 badge 0.2 1
skip (done): cifar10 badge 0.2 2
skip (done): cifar10 iris 0.2 0
skip (done): cifar10 iris 0.2 1
skip (done): cifar10 iris 0.2 2
skip (done): cifar10 iris-grad 0.2 0
skip (done): cifar10 iris-grad 0.2 1
skip (done): cifar10 iris-grad 0.2 2
skip (done): cifar10 iris-norel 0.2 0
skip (done): cifar10 iris-norel 0.2 1
skip (done): cifar10 iris-norel 0.2 2
=== run 112/171: cifar10 badge-rel noise=0.2 seed=0 ===
[cifar10|badge-rel|noise=0.2|seed=0] round 0: n=1000 acc=0.4004 (7s)
[cifar10|badge-rel|noise=0.2|seed=0] round 1: n=2000 acc=0.4928 (20s)
[cifar10|badge-rel|noise=0.2|seed=0] round 2: n=3000 acc=0.5277 (35s)
[cifar10|badge-rel|noise=0.2|seed=0] round 3: n=4000 acc=0.5975 (54s)
[cifar10|badge-rel|noise=0.2|seed=0] round 4: n=5000 acc=0.6197 (76s)
    saved cifar10_badge-rel_noise0.2_seed0_round5.pt
[cifar10|badge-rel|noise=0.2|seed=0] round 5: n=6000 acc=0.6296 (101s)
=== run 113/171: cifar10 badge-rel noise=0.2 seed=1 ===
[cifar10|badge-rel|noise=0.2|seed=1] round 0: n=1000 acc=0.3963 (7s)
[cifar10|badge-rel|noise=0.2|seed=1] round 1: n=2000 acc=0.4840 (20s)
[cifar10|badge-rel|noise=0.2|seed=1] round 2: n=3000 acc=0.5468 (35s)
[cifar10|badge-rel|noise=0.2|seed=1] round 3: n=4000 acc=0.5517 (54s)
[cifar10|badge-rel|noise=0.2|seed=1] round 4: n=5000 acc=0.6370 (76s)
    saved cifar10_badge-rel_noise0.2_seed1_round5.pt
[cifar10|badge-rel|noise=0.2|seed=1] round 5: n=6000 acc=0.6554 (101s)
=== run 114/171: cifar10 badge-rel noise=0.2 seed=2 ===
[cifar10|badge-rel|noise=0.2|seed=2] round 0: n=1000 acc=0.3773 (7s)
[cifar10|badge-rel|noise=0.2|seed=2] round 1: n=2000 acc=0.4867 (19s)
[cifar10|badge-rel|noise=0.2|seed=2] round 2: n=3000 acc=0.5350 (35s)
[cifar10|badge-rel|noise=0.2|seed=2] round 3: n=4000 acc=0.5612 (54s)
[cifar10|badge-rel|noise=0.2|seed=2] round 4: n=5000 acc=0.6223 (76s)
    saved cifar10_badge-rel_noise0.2_seed2_round5.pt
[cifar10|badge-rel|noise=0.2|seed=2] round 5: n=6000 acc=0.6527 (101s)
skip (done): bloodmnist random 0.0 0
skip (done): bloodmnist random 0.0 1
skip (done): bloodmnist random 0.0 2
skip (done): bloodmnist entropy 0.0 0
skip (done): bloodmnist entropy 0.0 1
skip (done): bloodmnist entropy 0.0 2
skip (done): bloodmnist bald 0.0 0
skip (done): bloodmnist bald 0.0 1
skip (done): bloodmnist bald 0.0 2
skip (done): bloodmnist coreset 0.0 0
skip (done): bloodmnist coreset 0.0 1
skip (done): bloodmnist coreset 0.0 2
skip (done): bloodmnist learnloss 0.0 0
skip (done): bloodmnist learnloss 0.0 1
skip (done): bloodmnist learnloss 0.0 2
skip (done): bloodmnist badge 0.0 0
skip (done): bloodmnist badge 0.0 1
skip (done): bloodmnist badge 0.0 2
skip (done): bloodmnist iris 0.0 0
skip (done): bloodmnist iris 0.0 1
skip (done): bloodmnist iris 0.0 2
skip (done): bloodmnist iris-grad 0.0 0
skip (done): bloodmnist iris-grad 0.0 1
skip (done): bloodmnist iris-grad 0.0 2
skip (done): bloodmnist iris-nodiv 0.0 0
skip (done): bloodmnist iris-nodiv 0.0 1
skip (done): bloodmnist iris-nodiv 0.0 2
skip (done): bloodmnist random 0.2 0
skip (done): bloodmnist random 0.2 1
skip (done): bloodmnist random 0.2 2
skip (done): bloodmnist entropy 0.2 0
skip (done): bloodmnist entropy 0.2 1
skip (done): bloodmnist entropy 0.2 2
skip (done): bloodmnist bald 0.2 0
skip (done): bloodmnist bald 0.2 1
skip (done): bloodmnist bald 0.2 2
skip (done): bloodmnist coreset 0.2 0
skip (done): bloodmnist coreset 0.2 1
skip (done): bloodmnist coreset 0.2 2
skip (done): bloodmnist learnloss 0.2 0
skip (done): bloodmnist learnloss 0.2 1
skip (done): bloodmnist learnloss 0.2 2
skip (done): bloodmnist badge 0.2 0
skip (done): bloodmnist badge 0.2 1
skip (done): bloodmnist badge 0.2 2
skip (done): bloodmnist iris 0.2 0
skip (done): bloodmnist iris 0.2 1
skip (done): bloodmnist iris 0.2 2
skip (done): bloodmnist iris-grad 0.2 0
skip (done): bloodmnist iris-grad 0.2 1
skip (done): bloodmnist iris-grad 0.2 2
skip (done): bloodmnist iris-norel 0.2 0
skip (done): bloodmnist iris-norel 0.2 1
skip (done): bloodmnist iris-norel 0.2 2
=== run 169/171: bloodmnist badge-rel noise=0.2 seed=0 ===
[bloodmnist|badge-rel|noise=0.2|seed=0] round 0: n=500 acc=0.7135 (3s)
[bloodmnist|badge-rel|noise=0.2|seed=0] round 1: n=1000 acc=0.7764 (8s)
[bloodmnist|badge-rel|noise=0.2|seed=0] round 2: n=1500 acc=0.8530 (13s)
[bloodmnist|badge-rel|noise=0.2|seed=0] round 3: n=2000 acc=0.8252 (19s)
[bloodmnist|badge-rel|noise=0.2|seed=0] round 4: n=2500 acc=0.8875 (26s)
    saved bloodmnist_badge-rel_noise0.2_seed0_round5.pt
[bloodmnist|badge-rel|noise=0.2|seed=0] round 5: n=3000 acc=0.9062 (33s)
=== run 170/171: bloodmnist badge-rel noise=0.2 seed=1 ===
[bloodmnist|badge-rel|noise=0.2|seed=1] round 0: n=500 acc=0.5434 (3s)
[bloodmnist|badge-rel|noise=0.2|seed=1] round 1: n=1000 acc=0.7638 (8s)
[bloodmnist|badge-rel|noise=0.2|seed=1] round 2: n=1500 acc=0.7641 (13s)
[bloodmnist|badge-rel|noise=0.2|seed=1] round 3: n=2000 acc=0.8261 (19s)
[bloodmnist|badge-rel|noise=0.2|seed=1] round 4: n=2500 acc=0.8892 (26s)
    saved bloodmnist_badge-rel_noise0.2_seed1_round5.pt
[bloodmnist|badge-rel|noise=0.2|seed=1] round 5: n=3000 acc=0.8989 (33s)
=== run 171/171: bloodmnist badge-rel noise=0.2 seed=2 ===
[bloodmnist|badge-rel|noise=0.2|seed=2] round 0: n=500 acc=0.5659 (3s)
[bloodmnist|badge-rel|noise=0.2|seed=2] round 1: n=1000 acc=0.7644 (8s)
[bloodmnist|badge-rel|noise=0.2|seed=2] round 2: n=1500 acc=0.8009 (13s)
[bloodmnist|badge-rel|noise=0.2|seed=2] round 3: n=2000 acc=0.8562 (19s)
[bloodmnist|badge-rel|noise=0.2|seed=2] round 4: n=2500 acc=0.8752 (26s)
    saved bloodmnist_badge-rel_noise0.2_seed2_round5.pt
[bloodmnist|badge-rel|noise=0.2|seed=2] round 5: n=3000 acc=0.8904 (33s)
ALL RUNS COMPLETE
device=cuda torch=2.12.0+cu130
grid: 114 runs
skip (done): fmnist random 0.0 3
skip (done): fmnist random 0.0 4
skip (done): fmnist random 0.0 5
skip (done): fmnist entropy 0.0 3
skip (done): fmnist entropy 0.0 4
skip (done): fmnist entropy 0.0 5
skip (done): fmnist bald 0.0 3
skip (done): fmnist bald 0.0 4
skip (done): fmnist bald 0.0 5
skip (done): fmnist coreset 0.0 3
skip (done): fmnist coreset 0.0 4
skip (done): fmnist coreset 0.0 5
skip (done): fmnist learnloss 0.0 3
skip (done): fmnist learnloss 0.0 4
skip (done): fmnist learnloss 0.0 5
skip (done): fmnist badge 0.0 3
skip (done): fmnist badge 0.0 4
skip (done): fmnist badge 0.0 5
skip (done): fmnist iris 0.0 3
skip (done): fmnist iris 0.0 4
skip (done): fmnist iris 0.0 5
skip (done): fmnist iris-grad 0.0 3
skip (done): fmnist iris-grad 0.0 4
skip (done): fmnist iris-grad 0.0 5
skip (done): fmnist iris-nodiv 0.0 3
skip (done): fmnist iris-nodiv 0.0 4
skip (done): fmnist iris-nodiv 0.0 5
skip (done): fmnist random 0.2 3
skip (done): fmnist random 0.2 4
skip (done): fmnist random 0.2 5
skip (done): fmnist entropy 0.2 3
skip (done): fmnist entropy 0.2 4
skip (done): fmnist entropy 0.2 5
skip (done): fmnist bald 0.2 3
skip (done): fmnist bald 0.2 4
skip (done): fmnist bald 0.2 5
skip (done): fmnist coreset 0.2 3
skip (done): fmnist coreset 0.2 4
skip (done): fmnist coreset 0.2 5
skip (done): fmnist learnloss 0.2 3
skip (done): fmnist learnloss 0.2 4
skip (done): fmnist learnloss 0.2 5
skip (done): fmnist badge 0.2 3
skip (done): fmnist badge 0.2 4
skip (done): fmnist badge 0.2 5
skip (done): fmnist iris 0.2 3
skip (done): fmnist iris 0.2 4
skip (done): fmnist iris 0.2 5
skip (done): fmnist iris-grad 0.2 3
skip (done): fmnist iris-grad 0.2 4
skip (done): fmnist iris-grad 0.2 5
skip (done): fmnist iris-norel 0.2 3
skip (done): fmnist iris-norel 0.2 4
skip (done): fmnist iris-norel 0.2 5
=== run 55/114: fmnist badge-rel noise=0.2 seed=3 ===
[fmnist|badge-rel|noise=0.2|seed=3] round 0: n=500 acc=0.7358 (3s)
[fmnist|badge-rel|noise=0.2|seed=3] round 1: n=1000 acc=0.7930 (9s)
[fmnist|badge-rel|noise=0.2|seed=3] round 2: n=1500 acc=0.8301 (16s)
[fmnist|badge-rel|noise=0.2|seed=3] round 3: n=2000 acc=0.8492 (23s)
[fmnist|badge-rel|noise=0.2|seed=3] round 4: n=2500 acc=0.8631 (30s)
    saved fmnist_badge-rel_noise0.2_seed3_round5.pt
[fmnist|badge-rel|noise=0.2|seed=3] round 5: n=3000 acc=0.8805 (39s)
=== run 56/114: fmnist badge-rel noise=0.2 seed=4 ===
[fmnist|badge-rel|noise=0.2|seed=4] round 0: n=500 acc=0.7201 (3s)
[fmnist|badge-rel|noise=0.2|seed=4] round 1: n=1000 acc=0.7972 (9s)
[fmnist|badge-rel|noise=0.2|seed=4] round 2: n=1500 acc=0.8305 (15s)
[fmnist|badge-rel|noise=0.2|seed=4] round 3: n=2000 acc=0.8572 (23s)
[fmnist|badge-rel|noise=0.2|seed=4] round 4: n=2500 acc=0.8681 (31s)
    saved fmnist_badge-rel_noise0.2_seed4_round5.pt
[fmnist|badge-rel|noise=0.2|seed=4] round 5: n=3000 acc=0.8718 (39s)
=== run 57/114: fmnist badge-rel noise=0.2 seed=5 ===
[fmnist|badge-rel|noise=0.2|seed=5] round 0: n=500 acc=0.6998 (3s)
[fmnist|badge-rel|noise=0.2|seed=5] round 1: n=1000 acc=0.7893 (9s)
[fmnist|badge-rel|noise=0.2|seed=5] round 2: n=1500 acc=0.8276 (15s)
[fmnist|badge-rel|noise=0.2|seed=5] round 3: n=2000 acc=0.8528 (22s)
[fmnist|badge-rel|noise=0.2|seed=5] round 4: n=2500 acc=0.8640 (30s)
    saved fmnist_badge-rel_noise0.2_seed5_round5.pt
[fmnist|badge-rel|noise=0.2|seed=5] round 5: n=3000 acc=0.8771 (39s)
skip (done): bloodmnist random 0.0 3
skip (done): bloodmnist random 0.0 4
skip (done): bloodmnist random 0.0 5
skip (done): bloodmnist entropy 0.0 3
skip (done): bloodmnist entropy 0.0 4
skip (done): bloodmnist entropy 0.0 5
skip (done): bloodmnist bald 0.0 3
skip (done): bloodmnist bald 0.0 4
skip (done): bloodmnist bald 0.0 5
skip (done): bloodmnist coreset 0.0 3
skip (done): bloodmnist coreset 0.0 4
skip (done): bloodmnist coreset 0.0 5
skip (done): bloodmnist learnloss 0.0 3
skip (done): bloodmnist learnloss 0.0 4
skip (done): bloodmnist learnloss 0.0 5
skip (done): bloodmnist badge 0.0 3
skip (done): bloodmnist badge 0.0 4
skip (done): bloodmnist badge 0.0 5
skip (done): bloodmnist iris 0.0 3
skip (done): bloodmnist iris 0.0 4
skip (done): bloodmnist iris 0.0 5
skip (done): bloodmnist iris-grad 0.0 3
skip (done): bloodmnist iris-grad 0.0 4
skip (done): bloodmnist iris-grad 0.0 5
skip (done): bloodmnist iris-nodiv 0.0 3
skip (done): bloodmnist iris-nodiv 0.0 4
skip (done): bloodmnist iris-nodiv 0.0 5
skip (done): bloodmnist random 0.2 3
skip (done): bloodmnist random 0.2 4
skip (done): bloodmnist random 0.2 5
skip (done): bloodmnist entropy 0.2 3
skip (done): bloodmnist entropy 0.2 4
skip (done): bloodmnist entropy 0.2 5
skip (done): bloodmnist bald 0.2 3
skip (done): bloodmnist bald 0.2 4
skip (done): bloodmnist bald 0.2 5
skip (done): bloodmnist coreset 0.2 3
skip (done): bloodmnist coreset 0.2 4
skip (done): bloodmnist coreset 0.2 5
skip (done): bloodmnist learnloss 0.2 3
skip (done): bloodmnist learnloss 0.2 4
skip (done): bloodmnist learnloss 0.2 5
skip (done): bloodmnist badge 0.2 3
skip (done): bloodmnist badge 0.2 4
skip (done): bloodmnist badge 0.2 5
skip (done): bloodmnist iris 0.2 3
skip (done): bloodmnist iris 0.2 4
skip (done): bloodmnist iris 0.2 5
skip (done): bloodmnist iris-grad 0.2 3
skip (done): bloodmnist iris-grad 0.2 4
skip (done): bloodmnist iris-grad 0.2 5
skip (done): bloodmnist iris-norel 0.2 3
skip (done): bloodmnist iris-norel 0.2 4
skip (done): bloodmnist iris-norel 0.2 5
=== run 112/114: bloodmnist badge-rel noise=0.2 seed=3 ===
[bloodmnist|badge-rel|noise=0.2|seed=3] round 0: n=500 acc=0.6396 (3s)
[bloodmnist|badge-rel|noise=0.2|seed=3] round 1: n=1000 acc=0.7720 (7s)
[bloodmnist|badge-rel|noise=0.2|seed=3] round 2: n=1500 acc=0.8477 (12s)
[bloodmnist|badge-rel|noise=0.2|seed=3] round 3: n=2000 acc=0.8395 (18s)
[bloodmnist|badge-rel|noise=0.2|seed=3] round 4: n=2500 acc=0.8796 (25s)
    saved bloodmnist_badge-rel_noise0.2_seed3_round5.pt
[bloodmnist|badge-rel|noise=0.2|seed=3] round 5: n=3000 acc=0.8848 (32s)
=== run 113/114: bloodmnist badge-rel noise=0.2 seed=4 ===
[bloodmnist|badge-rel|noise=0.2|seed=4] round 0: n=500 acc=0.5668 (3s)
[bloodmnist|badge-rel|noise=0.2|seed=4] round 1: n=1000 acc=0.7767 (7s)
[bloodmnist|badge-rel|noise=0.2|seed=4] round 2: n=1500 acc=0.7802 (12s)
[bloodmnist|badge-rel|noise=0.2|seed=4] round 3: n=2000 acc=0.8495 (18s)
[bloodmnist|badge-rel|noise=0.2|seed=4] round 4: n=2500 acc=0.8802 (25s)
    saved bloodmnist_badge-rel_noise0.2_seed4_round5.pt
[bloodmnist|badge-rel|noise=0.2|seed=4] round 5: n=3000 acc=0.8927 (32s)
=== run 114/114: bloodmnist badge-rel noise=0.2 seed=5 ===
[bloodmnist|badge-rel|noise=0.2|seed=5] round 0: n=500 acc=0.6516 (3s)
[bloodmnist|badge-rel|noise=0.2|seed=5] round 1: n=1000 acc=0.7407 (7s)
[bloodmnist|badge-rel|noise=0.2|seed=5] round 2: n=1500 acc=0.8346 (12s)
[bloodmnist|badge-rel|noise=0.2|seed=5] round 3: n=2000 acc=0.8489 (18s)
[bloodmnist|badge-rel|noise=0.2|seed=5] round 4: n=2500 acc=0.8755 (25s)
    saved bloodmnist_badge-rel_noise0.2_seed5_round5.pt
[bloodmnist|badge-rel|noise=0.2|seed=5] round 5: n=3000 acc=0.8889 (33s)
ALL RUNS COMPLETE
ALL_BADGEREL_DONE Tue Sep 22 07:33:44 PM +06 2026
