device=cuda torch=2.11.0+cu130
grid: 36 runs
=== run 1/36: bloodmnist random noise=0.0 seed=0 ===
[bloodmnist|random|noise=0.0|seed=0] round 0: n=500 acc=0.7621 (3s)
[bloodmnist|random|noise=0.0|seed=0] round 1: n=1000 acc=0.8115 (6s)
[bloodmnist|random|noise=0.0|seed=0] round 2: n=1500 acc=0.8395 (10s)
[bloodmnist|random|noise=0.0|seed=0] round 3: n=2000 acc=0.8612 (15s)
[bloodmnist|random|noise=0.0|seed=0] round 4: n=2500 acc=0.8772 (20s)
[bloodmnist|random|noise=0.0|seed=0] round 5: n=3000 acc=0.9065 (26s)
=== run 2/36: bloodmnist random noise=0.0 seed=1 ===
[bloodmnist|random|noise=0.0|seed=1] round 0: n=500 acc=0.6752 (3s)
[bloodmnist|random|noise=0.0|seed=1] round 1: n=1000 acc=0.8050 (6s)
[bloodmnist|random|noise=0.0|seed=1] round 2: n=1500 acc=0.8424 (10s)
[bloodmnist|random|noise=0.0|seed=1] round 3: n=2000 acc=0.8693 (15s)
[bloodmnist|random|noise=0.0|seed=1] round 4: n=2500 acc=0.8778 (20s)
[bloodmnist|random|noise=0.0|seed=1] round 5: n=3000 acc=0.8962 (27s)
=== run 3/36: bloodmnist random noise=0.0 seed=2 ===
[bloodmnist|random|noise=0.0|seed=2] round 0: n=500 acc=0.6255 (3s)
[bloodmnist|random|noise=0.0|seed=2] round 1: n=1000 acc=0.8129 (6s)
[bloodmnist|random|noise=0.0|seed=2] round 2: n=1500 acc=0.8576 (10s)
[bloodmnist|random|noise=0.0|seed=2] round 3: n=2000 acc=0.8845 (15s)
[bloodmnist|random|noise=0.0|seed=2] round 4: n=2500 acc=0.8723 (20s)
[bloodmnist|random|noise=0.0|seed=2] round 5: n=3000 acc=0.8764 (26s)
=== run 4/36: bloodmnist entropy noise=0.0 seed=0 ===
[bloodmnist|entropy|noise=0.0|seed=0] round 0: n=500 acc=0.7548 (3s)
[bloodmnist|entropy|noise=0.0|seed=0] round 1: n=1000 acc=0.7919 (6s)
[bloodmnist|entropy|noise=0.0|seed=0] round 2: n=1500 acc=0.8410 (11s)
[bloodmnist|entropy|noise=0.0|seed=0] round 3: n=2000 acc=0.8702 (16s)
[bloodmnist|entropy|noise=0.0|seed=0] round 4: n=2500 acc=0.8959 (22s)
[bloodmnist|entropy|noise=0.0|seed=0] round 5: n=3000 acc=0.9100 (28s)
=== run 5/36: bloodmnist entropy noise=0.0 seed=1 ===
[bloodmnist|entropy|noise=0.0|seed=1] round 0: n=500 acc=0.6592 (3s)
[bloodmnist|entropy|noise=0.0|seed=1] round 1: n=1000 acc=0.8044 (6s)
[bloodmnist|entropy|noise=0.0|seed=1] round 2: n=1500 acc=0.7767 (11s)
[bloodmnist|entropy|noise=0.0|seed=1] round 3: n=2000 acc=0.8743 (16s)
[bloodmnist|entropy|noise=0.0|seed=1] round 4: n=2500 acc=0.8927 (22s)
[bloodmnist|entropy|noise=0.0|seed=1] round 5: n=3000 acc=0.9085 (28s)
=== run 6/36: bloodmnist entropy noise=0.0 seed=2 ===
[bloodmnist|entropy|noise=0.0|seed=2] round 0: n=500 acc=0.6223 (3s)
[bloodmnist|entropy|noise=0.0|seed=2] round 1: n=1000 acc=0.8126 (7s)
[bloodmnist|entropy|noise=0.0|seed=2] round 2: n=1500 acc=0.8001 (11s)
[bloodmnist|entropy|noise=0.0|seed=2] round 3: n=2000 acc=0.8641 (16s)
[bloodmnist|entropy|noise=0.0|seed=2] round 4: n=2500 acc=0.8802 (22s)
[bloodmnist|entropy|noise=0.0|seed=2] round 5: n=3000 acc=0.9234 (29s)
=== run 7/36: bloodmnist bald noise=0.0 seed=0 ===
[bloodmnist|bald|noise=0.0|seed=0] round 0: n=500 acc=0.7577 (3s)
[bloodmnist|bald|noise=0.0|seed=0] round 1: n=1000 acc=0.8196 (10s)
[bloodmnist|bald|noise=0.0|seed=0] round 2: n=1500 acc=0.8603 (17s)
[bloodmnist|bald|noise=0.0|seed=0] round 3: n=2000 acc=0.8819 (25s)
[bloodmnist|bald|noise=0.0|seed=0] round 4: n=2500 acc=0.8857 (34s)
[bloodmnist|bald|noise=0.0|seed=0] round 5: n=3000 acc=0.9222 (44s)
=== run 8/36: bloodmnist bald noise=0.0 seed=1 ===
[bloodmnist|bald|noise=0.0|seed=1] round 0: n=500 acc=0.6735 (3s)
[bloodmnist|bald|noise=0.0|seed=1] round 1: n=1000 acc=0.7872 (10s)
[bloodmnist|bald|noise=0.0|seed=1] round 2: n=1500 acc=0.8413 (18s)
[bloodmnist|bald|noise=0.0|seed=1] round 3: n=2000 acc=0.8731 (27s)
[bloodmnist|bald|noise=0.0|seed=1] round 4: n=2500 acc=0.8965 (37s)
[bloodmnist|bald|noise=0.0|seed=1] round 5: n=3000 acc=0.9079 (49s)
=== run 9/36: bloodmnist bald noise=0.0 seed=2 ===
[bloodmnist|bald|noise=0.0|seed=2] round 0: n=500 acc=0.6223 (3s)
[bloodmnist|bald|noise=0.0|seed=2] round 1: n=1000 acc=0.7220 (11s)
[bloodmnist|bald|noise=0.0|seed=2] round 2: n=1500 acc=0.8074 (18s)
[bloodmnist|bald|noise=0.0|seed=2] round 3: n=2000 acc=0.8705 (27s)
[bloodmnist|bald|noise=0.0|seed=2] round 4: n=2500 acc=0.9044 (35s)
[bloodmnist|bald|noise=0.0|seed=2] round 5: n=3000 acc=0.9108 (45s)
=== run 10/36: bloodmnist coreset noise=0.0 seed=0 ===
[bloodmnist|coreset|noise=0.0|seed=0] round 0: n=500 acc=0.7498 (3s)
[bloodmnist|coreset|noise=0.0|seed=0] round 1: n=1000 acc=0.8080 (7s)
[bloodmnist|coreset|noise=0.0|seed=0] round 2: n=1500 acc=0.8375 (11s)
[bloodmnist|coreset|noise=0.0|seed=0] round 3: n=2000 acc=0.8223 (17s)
[bloodmnist|coreset|noise=0.0|seed=0] round 4: n=2500 acc=0.7974 (23s)
[bloodmnist|coreset|noise=0.0|seed=0] round 5: n=3000 acc=0.8541 (30s)
=== run 11/36: bloodmnist coreset noise=0.0 seed=1 ===
[bloodmnist|coreset|noise=0.0|seed=1] round 0: n=500 acc=0.6717 (3s)
[bloodmnist|coreset|noise=0.0|seed=1] round 1: n=1000 acc=0.8047 (7s)
[bloodmnist|coreset|noise=0.0|seed=1] round 2: n=1500 acc=0.8404 (12s)
[bloodmnist|coreset|noise=0.0|seed=1] round 3: n=2000 acc=0.8638 (17s)
[bloodmnist|coreset|noise=0.0|seed=1] round 4: n=2500 acc=0.8559 (23s)
[bloodmnist|coreset|noise=0.0|seed=1] round 5: n=3000 acc=0.8495 (30s)
=== run 12/36: bloodmnist coreset noise=0.0 seed=2 ===
[bloodmnist|coreset|noise=0.0|seed=2] round 0: n=500 acc=0.6288 (3s)
[bloodmnist|coreset|noise=0.0|seed=2] round 1: n=1000 acc=0.7618 (7s)
[bloodmnist|coreset|noise=0.0|seed=2] round 2: n=1500 acc=0.8612 (12s)
[bloodmnist|coreset|noise=0.0|seed=2] round 3: n=2000 acc=0.8714 (17s)
[bloodmnist|coreset|noise=0.0|seed=2] round 4: n=2500 acc=0.8612 (23s)
[bloodmnist|coreset|noise=0.0|seed=2] round 5: n=3000 acc=0.8679 (30s)
=== run 13/36: bloodmnist iris noise=0.0 seed=0 ===
[bloodmnist|iris|noise=0.0|seed=0] round 0: n=500 acc=0.7586 (4s)
[bloodmnist|iris|noise=0.0|seed=0] round 1: n=1000 acc=0.6279 (8s)
[bloodmnist|iris|noise=0.0|seed=0] round 2: n=1500 acc=0.8436 (14s)
[bloodmnist|iris|noise=0.0|seed=0] round 3: n=2000 acc=0.8562 (19s)
[bloodmnist|iris|noise=0.0|seed=0] round 4: n=2500 acc=0.8854 (26s)
[bloodmnist|iris|noise=0.0|seed=0] round 5: n=3000 acc=0.9258 (33s)
=== run 14/36: bloodmnist iris noise=0.0 seed=1 ===
[bloodmnist|iris|noise=0.0|seed=1] round 0: n=500 acc=0.6741 (3s)
[bloodmnist|iris|noise=0.0|seed=1] round 1: n=1000 acc=0.7512 (8s)
[bloodmnist|iris|noise=0.0|seed=1] round 2: n=1500 acc=0.7340 (13s)
[bloodmnist|iris|noise=0.0|seed=1] round 3: n=2000 acc=0.8761 (19s)
[bloodmnist|iris|noise=0.0|seed=1] round 4: n=2500 acc=0.8933 (25s)
[bloodmnist|iris|noise=0.0|seed=1] round 5: n=3000 acc=0.9085 (33s)
=== run 15/36: bloodmnist iris noise=0.0 seed=2 ===
[bloodmnist|iris|noise=0.0|seed=2] round 0: n=500 acc=0.6165 (3s)
[bloodmnist|iris|noise=0.0|seed=2] round 1: n=1000 acc=0.7840 (8s)
[bloodmnist|iris|noise=0.0|seed=2] round 2: n=1500 acc=0.8308 (13s)
[bloodmnist|iris|noise=0.0|seed=2] round 3: n=2000 acc=0.8360 (19s)
[bloodmnist|iris|noise=0.0|seed=2] round 4: n=2500 acc=0.9021 (25s)
[bloodmnist|iris|noise=0.0|seed=2] round 5: n=3000 acc=0.9167 (33s)
=== run 16/36: bloodmnist iris-nodiv noise=0.0 seed=0 ===
[bloodmnist|iris-nodiv|noise=0.0|seed=0] round 0: n=500 acc=0.7568 (3s)
[bloodmnist|iris-nodiv|noise=0.0|seed=0] round 1: n=1000 acc=0.7232 (8s)
[bloodmnist|iris-nodiv|noise=0.0|seed=0] round 2: n=1500 acc=0.8179 (13s)
[bloodmnist|iris-nodiv|noise=0.0|seed=0] round 3: n=2000 acc=0.7822 (18s)
[bloodmnist|iris-nodiv|noise=0.0|seed=0] round 4: n=2500 acc=0.8807 (25s)
[bloodmnist|iris-nodiv|noise=0.0|seed=0] round 5: n=3000 acc=0.8582 (32s)
=== run 17/36: bloodmnist iris-nodiv noise=0.0 seed=1 ===
[bloodmnist|iris-nodiv|noise=0.0|seed=1] round 0: n=500 acc=0.6752 (3s)
[bloodmnist|iris-nodiv|noise=0.0|seed=1] round 1: n=1000 acc=0.7793 (8s)
[bloodmnist|iris-nodiv|noise=0.0|seed=1] round 2: n=1500 acc=0.6963 (13s)
[bloodmnist|iris-nodiv|noise=0.0|seed=1] round 3: n=2000 acc=0.7875 (18s)
[bloodmnist|iris-nodiv|noise=0.0|seed=1] round 4: n=2500 acc=0.8822 (25s)
[bloodmnist|iris-nodiv|noise=0.0|seed=1] round 5: n=3000 acc=0.8196 (32s)
=== run 18/36: bloodmnist iris-nodiv noise=0.0 seed=2 ===
[bloodmnist|iris-nodiv|noise=0.0|seed=2] round 0: n=500 acc=0.6074 (3s)
[bloodmnist|iris-nodiv|noise=0.0|seed=2] round 1: n=1000 acc=0.7799 (8s)
[bloodmnist|iris-nodiv|noise=0.0|seed=2] round 2: n=1500 acc=0.7705 (12s)
[bloodmnist|iris-nodiv|noise=0.0|seed=2] round 3: n=2000 acc=0.8302 (18s)
[bloodmnist|iris-nodiv|noise=0.0|seed=2] round 4: n=2500 acc=0.8705 (25s)
[bloodmnist|iris-nodiv|noise=0.0|seed=2] round 5: n=3000 acc=0.8781 (32s)
=== run 19/36: bloodmnist random noise=0.2 seed=0 ===
[bloodmnist|random|noise=0.2|seed=0] round 0: n=500 acc=0.7214 (3s)
[bloodmnist|random|noise=0.2|seed=0] round 1: n=1000 acc=0.7781 (7s)
[bloodmnist|random|noise=0.2|seed=0] round 2: n=1500 acc=0.8179 (12s)
[bloodmnist|random|noise=0.2|seed=0] round 3: n=2000 acc=0.8386 (17s)
[bloodmnist|random|noise=0.2|seed=0] round 4: n=2500 acc=0.8620 (23s)
[bloodmnist|random|noise=0.2|seed=0] round 5: n=3000 acc=0.8728 (29s)
=== run 20/36: bloodmnist random noise=0.2 seed=1 ===
[bloodmnist|random|noise=0.2|seed=1] round 0: n=500 acc=0.5522 (3s)
[bloodmnist|random|noise=0.2|seed=1] round 1: n=1000 acc=0.7653 (7s)
[bloodmnist|random|noise=0.2|seed=1] round 2: n=1500 acc=0.7922 (11s)
[bloodmnist|random|noise=0.2|seed=1] round 3: n=2000 acc=0.8372 (16s)
[bloodmnist|random|noise=0.2|seed=1] round 4: n=2500 acc=0.8454 (22s)
[bloodmnist|random|noise=0.2|seed=1] round 5: n=3000 acc=0.8544 (29s)
=== run 21/36: bloodmnist random noise=0.2 seed=2 ===
[bloodmnist|random|noise=0.2|seed=2] round 0: n=500 acc=0.6323 (3s)
[bloodmnist|random|noise=0.2|seed=2] round 1: n=1000 acc=0.7708 (7s)
[bloodmnist|random|noise=0.2|seed=2] round 2: n=1500 acc=0.8077 (11s)
[bloodmnist|random|noise=0.2|seed=2] round 3: n=2000 acc=0.8316 (16s)
[bloodmnist|random|noise=0.2|seed=2] round 4: n=2500 acc=0.8585 (22s)
[bloodmnist|random|noise=0.2|seed=2] round 5: n=3000 acc=0.8652 (29s)
=== run 22/36: bloodmnist entropy noise=0.2 seed=0 ===
[bloodmnist|entropy|noise=0.2|seed=0] round 0: n=500 acc=0.7243 (3s)
[bloodmnist|entropy|noise=0.2|seed=0] round 1: n=1000 acc=0.6875 (7s)
[bloodmnist|entropy|noise=0.2|seed=0] round 2: n=1500 acc=0.8006 (12s)
[bloodmnist|entropy|noise=0.2|seed=0] round 3: n=2000 acc=0.7591 (18s)
[bloodmnist|entropy|noise=0.2|seed=0] round 4: n=2500 acc=0.8337 (24s)
[bloodmnist|entropy|noise=0.2|seed=0] round 5: n=3000 acc=0.8553 (31s)
=== run 23/36: bloodmnist entropy noise=0.2 seed=1 ===
[bloodmnist|entropy|noise=0.2|seed=1] round 0: n=500 acc=0.5417 (3s)
[bloodmnist|entropy|noise=0.2|seed=1] round 1: n=1000 acc=0.7700 (7s)
[bloodmnist|entropy|noise=0.2|seed=1] round 2: n=1500 acc=0.7609 (12s)
[bloodmnist|entropy|noise=0.2|seed=1] round 3: n=2000 acc=0.8404 (18s)
[bloodmnist|entropy|noise=0.2|seed=1] round 4: n=2500 acc=0.8442 (24s)
[bloodmnist|entropy|noise=0.2|seed=1] round 5: n=3000 acc=0.8661 (31s)
=== run 24/36: bloodmnist entropy noise=0.2 seed=2 ===
[bloodmnist|entropy|noise=0.2|seed=2] round 0: n=500 acc=0.6358 (3s)
[bloodmnist|entropy|noise=0.2|seed=2] round 1: n=1000 acc=0.7305 (7s)
[bloodmnist|entropy|noise=0.2|seed=2] round 2: n=1500 acc=0.7431 (12s)
[bloodmnist|entropy|noise=0.2|seed=2] round 3: n=2000 acc=0.8337 (17s)
[bloodmnist|entropy|noise=0.2|seed=2] round 4: n=2500 acc=0.8462 (24s)
[bloodmnist|entropy|noise=0.2|seed=2] round 5: n=3000 acc=0.8568 (31s)
=== run 25/36: bloodmnist bald noise=0.2 seed=0 ===
[bloodmnist|bald|noise=0.2|seed=0] round 0: n=500 acc=0.7229 (3s)
[bloodmnist|bald|noise=0.2|seed=0] round 1: n=1000 acc=0.5905 (10s)
[bloodmnist|bald|noise=0.2|seed=0] round 2: n=1500 acc=0.7796 (18s)
[bloodmnist|bald|noise=0.2|seed=0] round 3: n=2000 acc=0.8156 (27s)
[bloodmnist|bald|noise=0.2|seed=0] round 4: n=2500 acc=0.8272 (36s)
[bloodmnist|bald|noise=0.2|seed=0] round 5: n=3000 acc=0.8357 (46s)
=== run 26/36: bloodmnist bald noise=0.2 seed=1 ===
[bloodmnist|bald|noise=0.2|seed=1] round 0: n=500 acc=0.5484 (3s)
[bloodmnist|bald|noise=0.2|seed=1] round 1: n=1000 acc=0.6834 (10s)
[bloodmnist|bald|noise=0.2|seed=1] round 2: n=1500 acc=0.7869 (18s)
[bloodmnist|bald|noise=0.2|seed=1] round 3: n=2000 acc=0.7939 (27s)
[bloodmnist|bald|noise=0.2|seed=1] round 4: n=2500 acc=0.8208 (36s)
[bloodmnist|bald|noise=0.2|seed=1] round 5: n=3000 acc=0.8468 (46s)
=== run 27/36: bloodmnist bald noise=0.2 seed=2 ===
[bloodmnist|bald|noise=0.2|seed=2] round 0: n=500 acc=0.6372 (3s)
[bloodmnist|bald|noise=0.2|seed=2] round 1: n=1000 acc=0.6144 (11s)
[bloodmnist|bald|noise=0.2|seed=2] round 2: n=1500 acc=0.7264 (19s)
[bloodmnist|bald|noise=0.2|seed=2] round 3: n=2000 acc=0.7948 (27s)
[bloodmnist|bald|noise=0.2|seed=2] round 4: n=2500 acc=0.8158 (36s)
[bloodmnist|bald|noise=0.2|seed=2] round 5: n=3000 acc=0.8293 (46s)
=== run 28/36: bloodmnist coreset noise=0.2 seed=0 ===
[bloodmnist|coreset|noise=0.2|seed=0] round 0: n=500 acc=0.7255 (3s)
[bloodmnist|coreset|noise=0.2|seed=0] round 1: n=1000 acc=0.7814 (7s)
[bloodmnist|coreset|noise=0.2|seed=0] round 2: n=1500 acc=0.7963 (12s)
[bloodmnist|coreset|noise=0.2|seed=0] round 3: n=2000 acc=0.7632 (18s)
[bloodmnist|coreset|noise=0.2|seed=0] round 4: n=2500 acc=0.8205 (24s)
[bloodmnist|coreset|noise=0.2|seed=0] round 5: n=3000 acc=0.8734 (31s)
=== run 29/36: bloodmnist coreset noise=0.2 seed=1 ===
[bloodmnist|coreset|noise=0.2|seed=1] round 0: n=500 acc=0.5498 (3s)
[bloodmnist|coreset|noise=0.2|seed=1] round 1: n=1000 acc=0.7390 (7s)
[bloodmnist|coreset|noise=0.2|seed=1] round 2: n=1500 acc=0.7507 (12s)
[bloodmnist|coreset|noise=0.2|seed=1] round 3: n=2000 acc=0.8524 (18s)
[bloodmnist|coreset|noise=0.2|seed=1] round 4: n=2500 acc=0.8562 (25s)
[bloodmnist|coreset|noise=0.2|seed=1] round 5: n=3000 acc=0.8720 (32s)
=== run 30/36: bloodmnist coreset noise=0.2 seed=2 ===
[bloodmnist|coreset|noise=0.2|seed=2] round 0: n=500 acc=0.6355 (3s)
[bloodmnist|coreset|noise=0.2|seed=2] round 1: n=1000 acc=0.7127 (7s)
[bloodmnist|coreset|noise=0.2|seed=2] round 2: n=1500 acc=0.7577 (12s)
[bloodmnist|coreset|noise=0.2|seed=2] round 3: n=2000 acc=0.8252 (18s)
[bloodmnist|coreset|noise=0.2|seed=2] round 4: n=2500 acc=0.8538 (25s)
[bloodmnist|coreset|noise=0.2|seed=2] round 5: n=3000 acc=0.8620 (32s)
=== run 31/36: bloodmnist iris noise=0.2 seed=0 ===
[bloodmnist|iris|noise=0.2|seed=0] round 0: n=500 acc=0.7086 (3s)
[bloodmnist|iris|noise=0.2|seed=0] round 1: n=1000 acc=0.5846 (8s)
[bloodmnist|iris|noise=0.2|seed=0] round 2: n=1500 acc=0.8138 (13s)
[bloodmnist|iris|noise=0.2|seed=0] round 3: n=2000 acc=0.8290 (19s)
[bloodmnist|iris|noise=0.2|seed=0] round 4: n=2500 acc=0.8293 (26s)
[bloodmnist|iris|noise=0.2|seed=0] round 5: n=3000 acc=0.8834 (33s)
=== run 32/36: bloodmnist iris noise=0.2 seed=1 ===
[bloodmnist|iris|noise=0.2|seed=1] round 0: n=500 acc=0.5408 (4s)
[bloodmnist|iris|noise=0.2|seed=1] round 1: n=1000 acc=0.7822 (8s)
[bloodmnist|iris|noise=0.2|seed=1] round 2: n=1500 acc=0.7603 (13s)
[bloodmnist|iris|noise=0.2|seed=1] round 3: n=2000 acc=0.8439 (19s)
[bloodmnist|iris|noise=0.2|seed=1] round 4: n=2500 acc=0.8769 (26s)
[bloodmnist|iris|noise=0.2|seed=1] round 5: n=3000 acc=0.8734 (33s)
=== run 33/36: bloodmnist iris noise=0.2 seed=2 ===
[bloodmnist|iris|noise=0.2|seed=2] round 0: n=500 acc=0.5855 (3s)
[bloodmnist|iris|noise=0.2|seed=2] round 1: n=1000 acc=0.6738 (8s)
[bloodmnist|iris|noise=0.2|seed=2] round 2: n=1500 acc=0.7729 (13s)
[bloodmnist|iris|noise=0.2|seed=2] round 3: n=2000 acc=0.7951 (19s)
[bloodmnist|iris|noise=0.2|seed=2] round 4: n=2500 acc=0.8612 (25s)
[bloodmnist|iris|noise=0.2|seed=2] round 5: n=3000 acc=0.8772 (32s)
=== run 34/36: bloodmnist iris-norel noise=0.2 seed=0 ===
[bloodmnist|iris-norel|noise=0.2|seed=0] round 0: n=500 acc=0.7217 (3s)
[bloodmnist|iris-norel|noise=0.2|seed=0] round 1: n=1000 acc=0.6270 (8s)
[bloodmnist|iris-norel|noise=0.2|seed=0] round 2: n=1500 acc=0.8115 (13s)
[bloodmnist|iris-norel|noise=0.2|seed=0] round 3: n=2000 acc=0.6749 (19s)
[bloodmnist|iris-norel|noise=0.2|seed=0] round 4: n=2500 acc=0.8313 (25s)
[bloodmnist|iris-norel|noise=0.2|seed=0] round 5: n=3000 acc=0.8880 (33s)
=== run 35/36: bloodmnist iris-norel noise=0.2 seed=1 ===
[bloodmnist|iris-norel|noise=0.2|seed=1] round 0: n=500 acc=0.5571 (3s)
[bloodmnist|iris-norel|noise=0.2|seed=1] round 1: n=1000 acc=0.7597 (8s)
[bloodmnist|iris-norel|noise=0.2|seed=1] round 2: n=1500 acc=0.7302 (13s)
[bloodmnist|iris-norel|noise=0.2|seed=1] round 3: n=2000 acc=0.8243 (19s)
[bloodmnist|iris-norel|noise=0.2|seed=1] round 4: n=2500 acc=0.8521 (25s)
[bloodmnist|iris-norel|noise=0.2|seed=1] round 5: n=3000 acc=0.8623 (33s)
=== run 36/36: bloodmnist iris-norel noise=0.2 seed=2 ===
[bloodmnist|iris-norel|noise=0.2|seed=2] round 0: n=500 acc=0.6261 (3s)
[bloodmnist|iris-norel|noise=0.2|seed=2] round 1: n=1000 acc=0.7375 (8s)
[bloodmnist|iris-norel|noise=0.2|seed=2] round 2: n=1500 acc=0.7662 (13s)
[bloodmnist|iris-norel|noise=0.2|seed=2] round 3: n=2000 acc=0.8112 (19s)
[bloodmnist|iris-norel|noise=0.2|seed=2] round 4: n=2500 acc=0.8462 (25s)
[bloodmnist|iris-norel|noise=0.2|seed=2] round 5: n=3000 acc=0.8667 (33s)
ALL RUNS COMPLETE
