device=cuda torch=2.11.0+cu130
grid: 72 runs
=== run 1/72: bloodmnist random noise=0.0 seed=3 ===
[bloodmnist|random|noise=0.0|seed=3] round 0: n=500 acc=0.6793 (3s)
[bloodmnist|random|noise=0.0|seed=3] round 1: n=1000 acc=0.8129 (7s)
[bloodmnist|random|noise=0.0|seed=3] round 2: n=1500 acc=0.8410 (11s)
[bloodmnist|random|noise=0.0|seed=3] round 3: n=2000 acc=0.8723 (17s)
[bloodmnist|random|noise=0.0|seed=3] round 4: n=2500 acc=0.8761 (23s)
[bloodmnist|random|noise=0.0|seed=3] round 5: n=3000 acc=0.9056 (29s)
=== run 2/72: bloodmnist random noise=0.0 seed=4 ===
[bloodmnist|random|noise=0.0|seed=4] round 0: n=500 acc=0.6665 (3s)
[bloodmnist|random|noise=0.0|seed=4] round 1: n=1000 acc=0.8270 (7s)
[bloodmnist|random|noise=0.0|seed=4] round 2: n=1500 acc=0.8004 (11s)
[bloodmnist|random|noise=0.0|seed=4] round 3: n=2000 acc=0.8658 (16s)
[bloodmnist|random|noise=0.0|seed=4] round 4: n=2500 acc=0.8840 (22s)
[bloodmnist|random|noise=0.0|seed=4] round 5: n=3000 acc=0.8945 (29s)
=== run 3/72: bloodmnist random noise=0.0 seed=5 ===
[bloodmnist|random|noise=0.0|seed=5] round 0: n=500 acc=0.7007 (3s)
[bloodmnist|random|noise=0.0|seed=5] round 1: n=1000 acc=0.7948 (7s)
[bloodmnist|random|noise=0.0|seed=5] round 2: n=1500 acc=0.8503 (11s)
[bloodmnist|random|noise=0.0|seed=5] round 3: n=2000 acc=0.8670 (17s)
[bloodmnist|random|noise=0.0|seed=5] round 4: n=2500 acc=0.8702 (22s)
[bloodmnist|random|noise=0.0|seed=5] round 5: n=3000 acc=0.8880 (29s)
=== run 4/72: bloodmnist entropy noise=0.0 seed=3 ===
[bloodmnist|entropy|noise=0.0|seed=3] round 0: n=500 acc=0.6711 (3s)
[bloodmnist|entropy|noise=0.0|seed=3] round 1: n=1000 acc=0.7758 (7s)
[bloodmnist|entropy|noise=0.0|seed=3] round 2: n=1500 acc=0.7436 (12s)
[bloodmnist|entropy|noise=0.0|seed=3] round 3: n=2000 acc=0.8325 (18s)
[bloodmnist|entropy|noise=0.0|seed=3] round 4: n=2500 acc=0.8965 (24s)
[bloodmnist|entropy|noise=0.0|seed=3] round 5: n=3000 acc=0.8948 (31s)
=== run 5/72: bloodmnist entropy noise=0.0 seed=4 ===
[bloodmnist|entropy|noise=0.0|seed=4] round 0: n=500 acc=0.6571 (3s)
[bloodmnist|entropy|noise=0.0|seed=4] round 1: n=1000 acc=0.7758 (7s)
[bloodmnist|entropy|noise=0.0|seed=4] round 2: n=1500 acc=0.8214 (12s)
[bloodmnist|entropy|noise=0.0|seed=4] round 3: n=2000 acc=0.8705 (18s)
[bloodmnist|entropy|noise=0.0|seed=4] round 4: n=2500 acc=0.8790 (24s)
[bloodmnist|entropy|noise=0.0|seed=4] round 5: n=3000 acc=0.9255 (31s)
=== run 6/72: bloodmnist entropy noise=0.0 seed=5 ===
[bloodmnist|entropy|noise=0.0|seed=5] round 0: n=500 acc=0.6963 (3s)
[bloodmnist|entropy|noise=0.0|seed=5] round 1: n=1000 acc=0.7182 (7s)
[bloodmnist|entropy|noise=0.0|seed=5] round 2: n=1500 acc=0.8354 (12s)
[bloodmnist|entropy|noise=0.0|seed=5] round 3: n=2000 acc=0.8690 (18s)
[bloodmnist|entropy|noise=0.0|seed=5] round 4: n=2500 acc=0.8837 (24s)
[bloodmnist|entropy|noise=0.0|seed=5] round 5: n=3000 acc=0.8977 (31s)
=== run 7/72: bloodmnist bald noise=0.0 seed=3 ===
[bloodmnist|bald|noise=0.0|seed=3] round 0: n=500 acc=0.6694 (3s)
[bloodmnist|bald|noise=0.0|seed=3] round 1: n=1000 acc=0.7659 (11s)
[bloodmnist|bald|noise=0.0|seed=3] round 2: n=1500 acc=0.8310 (19s)
[bloodmnist|bald|noise=0.0|seed=3] round 3: n=2000 acc=0.8588 (28s)
[bloodmnist|bald|noise=0.0|seed=3] round 4: n=2500 acc=0.8924 (38s)
[bloodmnist|bald|noise=0.0|seed=3] round 5: n=3000 acc=0.9097 (48s)
=== run 8/72: bloodmnist bald noise=0.0 seed=4 ===
[bloodmnist|bald|noise=0.0|seed=4] round 0: n=500 acc=0.6524 (3s)
[bloodmnist|bald|noise=0.0|seed=4] round 1: n=1000 acc=0.7898 (11s)
[bloodmnist|bald|noise=0.0|seed=4] round 2: n=1500 acc=0.8267 (19s)
[bloodmnist|bald|noise=0.0|seed=4] round 3: n=2000 acc=0.8711 (28s)
[bloodmnist|bald|noise=0.0|seed=4] round 4: n=2500 acc=0.8921 (37s)
[bloodmnist|bald|noise=0.0|seed=4] round 5: n=3000 acc=0.9187 (47s)
=== run 9/72: bloodmnist bald noise=0.0 seed=5 ===
[bloodmnist|bald|noise=0.0|seed=5] round 0: n=500 acc=0.6948 (3s)
[bloodmnist|bald|noise=0.0|seed=5] round 1: n=1000 acc=0.7831 (11s)
[bloodmnist|bald|noise=0.0|seed=5] round 2: n=1500 acc=0.8319 (19s)
[bloodmnist|bald|noise=0.0|seed=5] round 3: n=2000 acc=0.8565 (28s)
[bloodmnist|bald|noise=0.0|seed=5] round 4: n=2500 acc=0.8799 (38s)
[bloodmnist|bald|noise=0.0|seed=5] round 5: n=3000 acc=0.8936 (48s)
=== run 10/72: bloodmnist coreset noise=0.0 seed=3 ===
[bloodmnist|coreset|noise=0.0|seed=3] round 0: n=500 acc=0.6872 (3s)
[bloodmnist|coreset|noise=0.0|seed=3] round 1: n=1000 acc=0.7422 (7s)
[bloodmnist|coreset|noise=0.0|seed=3] round 2: n=1500 acc=0.8337 (13s)
[bloodmnist|coreset|noise=0.0|seed=3] round 3: n=2000 acc=0.8556 (19s)
[bloodmnist|coreset|noise=0.0|seed=3] round 4: n=2500 acc=0.8807 (25s)
[bloodmnist|coreset|noise=0.0|seed=3] round 5: n=3000 acc=0.8962 (33s)
=== run 11/72: bloodmnist coreset noise=0.0 seed=4 ===
[bloodmnist|coreset|noise=0.0|seed=4] round 0: n=500 acc=0.6516 (3s)
[bloodmnist|coreset|noise=0.0|seed=4] round 1: n=1000 acc=0.8120 (8s)
[bloodmnist|coreset|noise=0.0|seed=4] round 2: n=1500 acc=0.8246 (13s)
[bloodmnist|coreset|noise=0.0|seed=4] round 3: n=2000 acc=0.8050 (19s)
[bloodmnist|coreset|noise=0.0|seed=4] round 4: n=2500 acc=0.8217 (25s)
[bloodmnist|coreset|noise=0.0|seed=4] round 5: n=3000 acc=0.8398 (33s)
=== run 12/72: bloodmnist coreset noise=0.0 seed=5 ===
[bloodmnist|coreset|noise=0.0|seed=5] round 0: n=500 acc=0.6951 (3s)
[bloodmnist|coreset|noise=0.0|seed=5] round 1: n=1000 acc=0.7580 (8s)
[bloodmnist|coreset|noise=0.0|seed=5] round 2: n=1500 acc=0.8603 (13s)
[bloodmnist|coreset|noise=0.0|seed=5] round 3: n=2000 acc=0.8536 (19s)
[bloodmnist|coreset|noise=0.0|seed=5] round 4: n=2500 acc=0.8500 (25s)
[bloodmnist|coreset|noise=0.0|seed=5] round 5: n=3000 acc=0.8679 (33s)
=== run 13/72: bloodmnist iris noise=0.0 seed=3 ===
[bloodmnist|iris|noise=0.0|seed=3] round 0: n=500 acc=0.6773 (4s)
[bloodmnist|iris|noise=0.0|seed=3] round 1: n=1000 acc=0.6884 (9s)
[bloodmnist|iris|noise=0.0|seed=3] round 2: n=1500 acc=0.8208 (14s)
[bloodmnist|iris|noise=0.0|seed=3] round 3: n=2000 acc=0.8696 (21s)
[bloodmnist|iris|noise=0.0|seed=3] round 4: n=2500 acc=0.8965 (28s)
[bloodmnist|iris|noise=0.0|seed=3] round 5: n=3000 acc=0.9018 (36s)
=== run 14/72: bloodmnist iris noise=0.0 seed=4 ===
[bloodmnist|iris|noise=0.0|seed=4] round 0: n=500 acc=0.6612 (4s)
[bloodmnist|iris|noise=0.0|seed=4] round 1: n=1000 acc=0.7284 (8s)
[bloodmnist|iris|noise=0.0|seed=4] round 2: n=1500 acc=0.7252 (14s)
[bloodmnist|iris|noise=0.0|seed=4] round 3: n=2000 acc=0.8726 (20s)
[bloodmnist|iris|noise=0.0|seed=4] round 4: n=2500 acc=0.8907 (27s)
[bloodmnist|iris|noise=0.0|seed=4] round 5: n=3000 acc=0.9106 (35s)
=== run 15/72: bloodmnist iris noise=0.0 seed=5 ===
[bloodmnist|iris|noise=0.0|seed=5] round 0: n=500 acc=0.6957 (4s)
[bloodmnist|iris|noise=0.0|seed=5] round 1: n=1000 acc=0.6320 (8s)
[bloodmnist|iris|noise=0.0|seed=5] round 2: n=1500 acc=0.8030 (14s)
[bloodmnist|iris|noise=0.0|seed=5] round 3: n=2000 acc=0.8565 (20s)
[bloodmnist|iris|noise=0.0|seed=5] round 4: n=2500 acc=0.9035 (27s)
[bloodmnist|iris|noise=0.0|seed=5] round 5: n=3000 acc=0.9065 (35s)
=== run 16/72: bloodmnist iris-nodiv noise=0.0 seed=3 ===
[bloodmnist|iris-nodiv|noise=0.0|seed=3] round 0: n=500 acc=0.6673 (4s)
[bloodmnist|iris-nodiv|noise=0.0|seed=3] round 1: n=1000 acc=0.7781 (8s)
[bloodmnist|iris-nodiv|noise=0.0|seed=3] round 2: n=1500 acc=0.8158 (14s)
[bloodmnist|iris-nodiv|noise=0.0|seed=3] round 3: n=2000 acc=0.7670 (20s)
[bloodmnist|iris-nodiv|noise=0.0|seed=3] round 4: n=2500 acc=0.8594 (27s)
[bloodmnist|iris-nodiv|noise=0.0|seed=3] round 5: n=3000 acc=0.8834 (35s)
=== run 17/72: bloodmnist iris-nodiv noise=0.0 seed=4 ===
[bloodmnist|iris-nodiv|noise=0.0|seed=4] round 0: n=500 acc=0.6752 (4s)
[bloodmnist|iris-nodiv|noise=0.0|seed=4] round 1: n=1000 acc=0.6530 (8s)
[bloodmnist|iris-nodiv|noise=0.0|seed=4] round 2: n=1500 acc=0.6913 (14s)
[bloodmnist|iris-nodiv|noise=0.0|seed=4] round 3: n=2000 acc=0.8518 (20s)
[bloodmnist|iris-nodiv|noise=0.0|seed=4] round 4: n=2500 acc=0.8360 (27s)
[bloodmnist|iris-nodiv|noise=0.0|seed=4] round 5: n=3000 acc=0.8886 (35s)
=== run 18/72: bloodmnist iris-nodiv noise=0.0 seed=5 ===
[bloodmnist|iris-nodiv|noise=0.0|seed=5] round 0: n=500 acc=0.6948 (4s)
[bloodmnist|iris-nodiv|noise=0.0|seed=5] round 1: n=1000 acc=0.7872 (8s)
[bloodmnist|iris-nodiv|noise=0.0|seed=5] round 2: n=1500 acc=0.7372 (14s)
[bloodmnist|iris-nodiv|noise=0.0|seed=5] round 3: n=2000 acc=0.8486 (20s)
[bloodmnist|iris-nodiv|noise=0.0|seed=5] round 4: n=2500 acc=0.8433 (27s)
[bloodmnist|iris-nodiv|noise=0.0|seed=5] round 5: n=3000 acc=0.8632 (34s)
=== run 19/72: bloodmnist random noise=0.2 seed=3 ===
[bloodmnist|random|noise=0.2|seed=3] round 0: n=500 acc=0.5989 (3s)
[bloodmnist|random|noise=0.2|seed=3] round 1: n=1000 acc=0.7533 (8s)
[bloodmnist|random|noise=0.2|seed=3] round 2: n=1500 acc=0.8074 (12s)
[bloodmnist|random|noise=0.2|seed=3] round 3: n=2000 acc=0.8422 (18s)
[bloodmnist|random|noise=0.2|seed=3] round 4: n=2500 acc=0.8574 (25s)
[bloodmnist|random|noise=0.2|seed=3] round 5: n=3000 acc=0.8638 (32s)
=== run 20/72: bloodmnist random noise=0.2 seed=4 ===
[bloodmnist|random|noise=0.2|seed=4] round 0: n=500 acc=0.5431 (3s)
[bloodmnist|random|noise=0.2|seed=4] round 1: n=1000 acc=0.7749 (7s)
[bloodmnist|random|noise=0.2|seed=4] round 2: n=1500 acc=0.7951 (12s)
[bloodmnist|random|noise=0.2|seed=4] round 3: n=2000 acc=0.8398 (18s)
[bloodmnist|random|noise=0.2|seed=4] round 4: n=2500 acc=0.8515 (24s)
[bloodmnist|random|noise=0.2|seed=4] round 5: n=3000 acc=0.8620 (31s)
=== run 21/72: bloodmnist random noise=0.2 seed=5 ===
[bloodmnist|random|noise=0.2|seed=5] round 0: n=500 acc=0.6291 (4s)
[bloodmnist|random|noise=0.2|seed=5] round 1: n=1000 acc=0.7729 (8s)
[bloodmnist|random|noise=0.2|seed=5] round 2: n=1500 acc=0.8188 (13s)
[bloodmnist|random|noise=0.2|seed=5] round 3: n=2000 acc=0.8287 (18s)
[bloodmnist|random|noise=0.2|seed=5] round 4: n=2500 acc=0.8442 (25s)
[bloodmnist|random|noise=0.2|seed=5] round 5: n=3000 acc=0.8834 (32s)
=== run 22/72: bloodmnist entropy noise=0.2 seed=3 ===
[bloodmnist|entropy|noise=0.2|seed=3] round 0: n=500 acc=0.5925 (3s)
[bloodmnist|entropy|noise=0.2|seed=3] round 1: n=1000 acc=0.7574 (8s)
[bloodmnist|entropy|noise=0.2|seed=3] round 2: n=1500 acc=0.7808 (13s)
[bloodmnist|entropy|noise=0.2|seed=3] round 3: n=2000 acc=0.6504 (19s)
[bloodmnist|entropy|noise=0.2|seed=3] round 4: n=2500 acc=0.8492 (26s)
[bloodmnist|entropy|noise=0.2|seed=3] round 5: n=3000 acc=0.8693 (34s)
=== run 23/72: bloodmnist entropy noise=0.2 seed=4 ===
[bloodmnist|entropy|noise=0.2|seed=4] round 0: n=500 acc=0.5376 (3s)
[bloodmnist|entropy|noise=0.2|seed=4] round 1: n=1000 acc=0.7545 (8s)
[bloodmnist|entropy|noise=0.2|seed=4] round 2: n=1500 acc=0.6568 (13s)
[bloodmnist|entropy|noise=0.2|seed=4] round 3: n=2000 acc=0.8302 (19s)
[bloodmnist|entropy|noise=0.2|seed=4] round 4: n=2500 acc=0.8720 (26s)
[bloodmnist|entropy|noise=0.2|seed=4] round 5: n=3000 acc=0.8822 (34s)
=== run 24/72: bloodmnist entropy noise=0.2 seed=5 ===
[bloodmnist|entropy|noise=0.2|seed=5] round 0: n=500 acc=0.6276 (3s)
[bloodmnist|entropy|noise=0.2|seed=5] round 1: n=1000 acc=0.7106 (8s)
[bloodmnist|entropy|noise=0.2|seed=5] round 2: n=1500 acc=0.7910 (13s)
[bloodmnist|entropy|noise=0.2|seed=5] round 3: n=2000 acc=0.7881 (19s)
[bloodmnist|entropy|noise=0.2|seed=5] round 4: n=2500 acc=0.8506 (26s)
[bloodmnist|entropy|noise=0.2|seed=5] round 5: n=3000 acc=0.8606 (34s)
=== run 25/72: bloodmnist bald noise=0.2 seed=3 ===
[bloodmnist|bald|noise=0.2|seed=3] round 0: n=500 acc=0.5987 (3s)
[bloodmnist|bald|noise=0.2|seed=3] round 1: n=1000 acc=0.6592 (12s)
[bloodmnist|bald|noise=0.2|seed=3] round 2: n=1500 acc=0.7904 (20s)
[bloodmnist|bald|noise=0.2|seed=3] round 3: n=2000 acc=0.8074 (30s)
[bloodmnist|bald|noise=0.2|seed=3] round 4: n=2500 acc=0.8287 (40s)
[bloodmnist|bald|noise=0.2|seed=3] round 5: n=3000 acc=0.8302 (51s)
=== run 26/72: bloodmnist bald noise=0.2 seed=4 ===
[bloodmnist|bald|noise=0.2|seed=4] round 0: n=500 acc=0.5384 (3s)
[bloodmnist|bald|noise=0.2|seed=4] round 1: n=1000 acc=0.6641 (12s)
[bloodmnist|bald|noise=0.2|seed=4] round 2: n=1500 acc=0.7530 (20s)
[bloodmnist|bald|noise=0.2|seed=4] round 3: n=2000 acc=0.8044 (30s)
[bloodmnist|bald|noise=0.2|seed=4] round 4: n=2500 acc=0.8237 (40s)
[bloodmnist|bald|noise=0.2|seed=4] round 5: n=3000 acc=0.8249 (51s)
=== run 27/72: bloodmnist bald noise=0.2 seed=5 ===
[bloodmnist|bald|noise=0.2|seed=5] round 0: n=500 acc=0.6299 (3s)
[bloodmnist|bald|noise=0.2|seed=5] round 1: n=1000 acc=0.6603 (12s)
[bloodmnist|bald|noise=0.2|seed=5] round 2: n=1500 acc=0.7948 (20s)
[bloodmnist|bald|noise=0.2|seed=5] round 3: n=2000 acc=0.8094 (30s)
[bloodmnist|bald|noise=0.2|seed=5] round 4: n=2500 acc=0.8188 (40s)
[bloodmnist|bald|noise=0.2|seed=5] round 5: n=3000 acc=0.8316 (51s)
=== run 28/72: bloodmnist coreset noise=0.2 seed=3 ===
[bloodmnist|coreset|noise=0.2|seed=3] round 0: n=500 acc=0.5978 (4s)
[bloodmnist|coreset|noise=0.2|seed=3] round 1: n=1000 acc=0.7401 (8s)
[bloodmnist|coreset|noise=0.2|seed=3] round 2: n=1500 acc=0.8199 (14s)
[bloodmnist|coreset|noise=0.2|seed=3] round 3: n=2000 acc=0.8384 (20s)
[bloodmnist|coreset|noise=0.2|seed=3] round 4: n=2500 acc=0.8527 (27s)
[bloodmnist|coreset|noise=0.2|seed=3] round 5: n=3000 acc=0.8670 (35s)
=== run 29/72: bloodmnist coreset noise=0.2 seed=4 ===
[bloodmnist|coreset|noise=0.2|seed=4] round 0: n=500 acc=0.5457 (4s)
[bloodmnist|coreset|noise=0.2|seed=4] round 1: n=1000 acc=0.7398 (8s)
[bloodmnist|coreset|noise=0.2|seed=4] round 2: n=1500 acc=0.8001 (14s)
[bloodmnist|coreset|noise=0.2|seed=4] round 3: n=2000 acc=0.8188 (20s)
[bloodmnist|coreset|noise=0.2|seed=4] round 4: n=2500 acc=0.8530 (27s)
[bloodmnist|coreset|noise=0.2|seed=4] round 5: n=3000 acc=0.8650 (35s)
=== run 30/72: bloodmnist coreset noise=0.2 seed=5 ===
[bloodmnist|coreset|noise=0.2|seed=5] round 0: n=500 acc=0.6229 (3s)
[bloodmnist|coreset|noise=0.2|seed=5] round 1: n=1000 acc=0.6939 (8s)
[bloodmnist|coreset|noise=0.2|seed=5] round 2: n=1500 acc=0.8153 (14s)
[bloodmnist|coreset|noise=0.2|seed=5] round 3: n=2000 acc=0.8448 (20s)
[bloodmnist|coreset|noise=0.2|seed=5] round 4: n=2500 acc=0.8240 (27s)
[bloodmnist|coreset|noise=0.2|seed=5] round 5: n=3000 acc=0.8612 (35s)
=== run 31/72: bloodmnist iris noise=0.2 seed=3 ===
[bloodmnist|iris|noise=0.2|seed=3] round 0: n=500 acc=0.6115 (4s)
[bloodmnist|iris|noise=0.2|seed=3] round 1: n=1000 acc=0.6972 (9s)
[bloodmnist|iris|noise=0.2|seed=3] round 2: n=1500 acc=0.7691 (14s)
[bloodmnist|iris|noise=0.2|seed=3] round 3: n=2000 acc=0.8375 (21s)
[bloodmnist|iris|noise=0.2|seed=3] round 4: n=2500 acc=0.8240 (28s)
[bloodmnist|iris|noise=0.2|seed=3] round 5: n=3000 acc=0.8869 (36s)
=== run 32/72: bloodmnist iris noise=0.2 seed=4 ===
[bloodmnist|iris|noise=0.2|seed=4] round 0: n=500 acc=0.5940 (4s)
[bloodmnist|iris|noise=0.2|seed=4] round 1: n=1000 acc=0.7626 (9s)
[bloodmnist|iris|noise=0.2|seed=4] round 2: n=1500 acc=0.6539 (14s)
[bloodmnist|iris|noise=0.2|seed=4] round 3: n=2000 acc=0.8030 (21s)
[bloodmnist|iris|noise=0.2|seed=4] round 4: n=2500 acc=0.8521 (28s)
[bloodmnist|iris|noise=0.2|seed=4] round 5: n=3000 acc=0.8761 (36s)
=== run 33/72: bloodmnist iris noise=0.2 seed=5 ===
[bloodmnist|iris|noise=0.2|seed=5] round 0: n=500 acc=0.6580 (4s)
[bloodmnist|iris|noise=0.2|seed=5] round 1: n=1000 acc=0.6700 (9s)
[bloodmnist|iris|noise=0.2|seed=5] round 2: n=1500 acc=0.8237 (14s)
[bloodmnist|iris|noise=0.2|seed=5] round 3: n=2000 acc=0.7673 (21s)
[bloodmnist|iris|noise=0.2|seed=5] round 4: n=2500 acc=0.8416 (28s)
[bloodmnist|iris|noise=0.2|seed=5] round 5: n=3000 acc=0.8880 (36s)
=== run 34/72: bloodmnist iris-norel noise=0.2 seed=3 ===
[bloodmnist|iris-norel|noise=0.2|seed=3] round 0: n=500 acc=0.5989 (4s)
[bloodmnist|iris-norel|noise=0.2|seed=3] round 1: n=1000 acc=0.6624 (9s)
[bloodmnist|iris-norel|noise=0.2|seed=3] round 2: n=1500 acc=0.8018 (14s)
[bloodmnist|iris-norel|noise=0.2|seed=3] round 3: n=2000 acc=0.7568 (21s)
[bloodmnist|iris-norel|noise=0.2|seed=3] round 4: n=2500 acc=0.8337 (28s)
[bloodmnist|iris-norel|noise=0.2|seed=3] round 5: n=3000 acc=0.8632 (36s)
=== run 35/72: bloodmnist iris-norel noise=0.2 seed=4 ===
[bloodmnist|iris-norel|noise=0.2|seed=4] round 0: n=500 acc=0.5402 (4s)
[bloodmnist|iris-norel|noise=0.2|seed=4] round 1: n=1000 acc=0.7220 (9s)
[bloodmnist|iris-norel|noise=0.2|seed=4] round 2: n=1500 acc=0.7653 (14s)
[bloodmnist|iris-norel|noise=0.2|seed=4] round 3: n=2000 acc=0.8313 (21s)
[bloodmnist|iris-norel|noise=0.2|seed=4] round 4: n=2500 acc=0.8533 (28s)
[bloodmnist|iris-norel|noise=0.2|seed=4] round 5: n=3000 acc=0.8582 (36s)
=== run 36/72: bloodmnist iris-norel noise=0.2 seed=5 ===
[bloodmnist|iris-norel|noise=0.2|seed=5] round 0: n=500 acc=0.6253 (4s)
[bloodmnist|iris-norel|noise=0.2|seed=5] round 1: n=1000 acc=0.7138 (8s)
[bloodmnist|iris-norel|noise=0.2|seed=5] round 2: n=1500 acc=0.8126 (14s)
[bloodmnist|iris-norel|noise=0.2|seed=5] round 3: n=2000 acc=0.8097 (21s)
[bloodmnist|iris-norel|noise=0.2|seed=5] round 4: n=2500 acc=0.8503 (28s)
[bloodmnist|iris-norel|noise=0.2|seed=5] round 5: n=3000 acc=0.8658 (36s)
=== run 37/72: fmnist random noise=0.0 seed=3 ===
[fmnist|random|noise=0.0|seed=3] round 0: n=500 acc=0.7378 (4s)
[fmnist|random|noise=0.0|seed=3] round 1: n=1000 acc=0.7902 (8s)
[fmnist|random|noise=0.0|seed=3] round 2: n=1500 acc=0.8237 (14s)
[fmnist|random|noise=0.0|seed=3] round 3: n=2000 acc=0.8402 (20s)
[fmnist|random|noise=0.0|seed=3] round 4: n=2500 acc=0.8564 (27s)
[fmnist|random|noise=0.0|seed=3] round 5: n=3000 acc=0.8572 (34s)
=== run 38/72: fmnist random noise=0.0 seed=4 ===
[fmnist|random|noise=0.0|seed=4] round 0: n=500 acc=0.7351 (4s)
[fmnist|random|noise=0.0|seed=4] round 1: n=1000 acc=0.7880 (8s)
[fmnist|random|noise=0.0|seed=4] round 2: n=1500 acc=0.8057 (14s)
[fmnist|random|noise=0.0|seed=4] round 3: n=2000 acc=0.8492 (20s)
[fmnist|random|noise=0.0|seed=4] round 4: n=2500 acc=0.8556 (27s)
[fmnist|random|noise=0.0|seed=4] round 5: n=3000 acc=0.8638 (34s)
=== run 39/72: fmnist random noise=0.0 seed=5 ===
[fmnist|random|noise=0.0|seed=5] round 0: n=500 acc=0.7308 (4s)
[fmnist|random|noise=0.0|seed=5] round 1: n=1000 acc=0.7942 (8s)
[fmnist|random|noise=0.0|seed=5] round 2: n=1500 acc=0.8286 (14s)
[fmnist|random|noise=0.0|seed=5] round 3: n=2000 acc=0.8477 (20s)
[fmnist|random|noise=0.0|seed=5] round 4: n=2500 acc=0.8510 (27s)
[fmnist|random|noise=0.0|seed=5] round 5: n=3000 acc=0.8613 (34s)
=== run 40/72: fmnist entropy noise=0.0 seed=3 ===
[fmnist|entropy|noise=0.0|seed=3] round 0: n=500 acc=0.7378 (4s)
[fmnist|entropy|noise=0.0|seed=3] round 1: n=1000 acc=0.8037 (10s)
[fmnist|entropy|noise=0.0|seed=3] round 2: n=1500 acc=0.8248 (17s)
[fmnist|entropy|noise=0.0|seed=3] round 3: n=2000 acc=0.8396 (26s)
[fmnist|entropy|noise=0.0|seed=3] round 4: n=2500 acc=0.8642 (34s)
[fmnist|entropy|noise=0.0|seed=3] round 5: n=3000 acc=0.8649 (43s)
=== run 41/72: fmnist entropy noise=0.0 seed=4 ===
[fmnist|entropy|noise=0.0|seed=4] round 0: n=500 acc=0.7351 (4s)
[fmnist|entropy|noise=0.0|seed=4] round 1: n=1000 acc=0.7909 (10s)
[fmnist|entropy|noise=0.0|seed=4] round 2: n=1500 acc=0.8323 (18s)
[fmnist|entropy|noise=0.0|seed=4] round 3: n=2000 acc=0.8429 (26s)
[fmnist|entropy|noise=0.0|seed=4] round 4: n=2500 acc=0.8599 (34s)
[fmnist|entropy|noise=0.0|seed=4] round 5: n=3000 acc=0.8638 (44s)
=== run 42/72: fmnist entropy noise=0.0 seed=5 ===
[fmnist|entropy|noise=0.0|seed=5] round 0: n=500 acc=0.7308 (4s)
[fmnist|entropy|noise=0.0|seed=5] round 1: n=1000 acc=0.7957 (10s)
[fmnist|entropy|noise=0.0|seed=5] round 2: n=1500 acc=0.8177 (18s)
[fmnist|entropy|noise=0.0|seed=5] round 3: n=2000 acc=0.8467 (26s)
[fmnist|entropy|noise=0.0|seed=5] round 4: n=2500 acc=0.8638 (34s)
[fmnist|entropy|noise=0.0|seed=5] round 5: n=3000 acc=0.8715 (44s)
=== run 43/72: fmnist bald noise=0.0 seed=3 ===
[fmnist|bald|noise=0.0|seed=3] round 0: n=500 acc=0.7378 (4s)
[fmnist|bald|noise=0.0|seed=3] round 1: n=1000 acc=0.7937 (26s)
[fmnist|bald|noise=0.0|seed=3] round 2: n=1500 acc=0.8207 (48s)
[fmnist|bald|noise=0.0|seed=3] round 3: n=2000 acc=0.8576 (72s)
[fmnist|bald|noise=0.0|seed=3] round 4: n=2500 acc=0.8760 (95s)
[fmnist|bald|noise=0.0|seed=3] round 5: n=3000 acc=0.8868 (119s)
=== run 44/72: fmnist bald noise=0.0 seed=4 ===
[fmnist|bald|noise=0.0|seed=4] round 0: n=500 acc=0.7351 (4s)
[fmnist|bald|noise=0.0|seed=4] round 1: n=1000 acc=0.7779 (25s)
[fmnist|bald|noise=0.0|seed=4] round 2: n=1500 acc=0.8160 (48s)
[fmnist|bald|noise=0.0|seed=4] round 3: n=2000 acc=0.8595 (71s)
[fmnist|bald|noise=0.0|seed=4] round 4: n=2500 acc=0.8643 (95s)
[fmnist|bald|noise=0.0|seed=4] round 5: n=3000 acc=0.8785 (119s)
=== run 45/72: fmnist bald noise=0.0 seed=5 ===
[fmnist|bald|noise=0.0|seed=5] round 0: n=500 acc=0.7308 (4s)
[fmnist|bald|noise=0.0|seed=5] round 1: n=1000 acc=0.7804 (26s)
[fmnist|bald|noise=0.0|seed=5] round 2: n=1500 acc=0.8067 (48s)
[fmnist|bald|noise=0.0|seed=5] round 3: n=2000 acc=0.8350 (72s)
[fmnist|bald|noise=0.0|seed=5] round 4: n=2500 acc=0.8613 (95s)
[fmnist|bald|noise=0.0|seed=5] round 5: n=3000 acc=0.8693 (120s)
=== run 46/72: fmnist coreset noise=0.0 seed=3 ===
[fmnist|coreset|noise=0.0|seed=3] round 0: n=500 acc=0.7378 (4s)
[fmnist|coreset|noise=0.0|seed=3] round 1: n=1000 acc=0.7899 (11s)
[fmnist|coreset|noise=0.0|seed=3] round 2: n=1500 acc=0.8143 (18s)
[fmnist|coreset|noise=0.0|seed=3] round 3: n=2000 acc=0.8140 (27s)
[fmnist|coreset|noise=0.0|seed=3] round 4: n=2500 acc=0.8300 (38s)
[fmnist|coreset|noise=0.0|seed=3] round 5: n=3000 acc=0.8316 (51s)
=== run 47/72: fmnist coreset noise=0.0 seed=4 ===
[fmnist|coreset|noise=0.0|seed=4] round 0: n=500 acc=0.7351 (4s)
[fmnist|coreset|noise=0.0|seed=4] round 1: n=1000 acc=0.7968 (13s)
[fmnist|coreset|noise=0.0|seed=4] round 2: n=1500 acc=0.8039 (23s)
[fmnist|coreset|noise=0.0|seed=4] round 3: n=2000 acc=0.8165 (33s)
[fmnist|coreset|noise=0.0|seed=4] round 4: n=2500 acc=0.8193 (44s)
[fmnist|coreset|noise=0.0|seed=4] round 5: n=3000 acc=0.8420 (57s)
skip (done): fmnist coreset 0.0 5
=== run 49/72: fmnist iris noise=0.0 seed=3 ===
[fmnist|iris|noise=0.0|seed=3] round 0: n=500 acc=0.7378 (5s)
[fmnist|iris|noise=0.0|seed=3] round 1: n=1000 acc=0.7843 (13s)
[fmnist|iris|noise=0.0|seed=3] round 2: n=1500 acc=0.8256 (23s)
[fmnist|iris|noise=0.0|seed=3] round 3: n=2000 acc=0.8533 (34s)
[fmnist|iris|noise=0.0|seed=3] round 4: n=2500 acc=0.8616 (45s)
[fmnist|iris|noise=0.0|seed=3] round 5: n=3000 acc=0.8733 (57s)
skip (done): fmnist iris 0.0 4
skip (done): fmnist iris 0.0 5
=== run 52/72: fmnist iris-nodiv noise=0.0 seed=3 ===
[fmnist|iris-nodiv|noise=0.0|seed=3] round 0: n=500 acc=0.7378 (5s)
[fmnist|iris-nodiv|noise=0.0|seed=3] round 1: n=1000 acc=0.7788 (13s)
[fmnist|iris-nodiv|noise=0.0|seed=3] round 2: n=1500 acc=0.8052 (24s)
[fmnist|iris-nodiv|noise=0.0|seed=3] round 3: n=2000 acc=0.8322 (36s)
[fmnist|iris-nodiv|noise=0.0|seed=3] round 4: n=2500 acc=0.8491 (50s)
[fmnist|iris-nodiv|noise=0.0|seed=3] round 5: n=3000 acc=0.8628 (65s)
skip (done): fmnist iris-nodiv 0.0 4
skip (done): fmnist iris-nodiv 0.0 5
=== run 55/72: fmnist random noise=0.2 seed=3 ===
[fmnist|random|noise=0.2|seed=3] round 0: n=500 acc=0.7113 (5s)
[fmnist|random|noise=0.2|seed=3] round 1: n=1000 acc=0.7595 (12s)
[fmnist|random|noise=0.2|seed=3] round 2: n=1500 acc=0.7947 (20s)
[fmnist|random|noise=0.2|seed=3] round 3: n=2000 acc=0.8178 (30s)
[fmnist|random|noise=0.2|seed=3] round 4: n=2500 acc=0.8266 (41s)
[fmnist|random|noise=0.2|seed=3] round 5: n=3000 acc=0.8296 (53s)
skip (done): fmnist random 0.2 4
skip (done): fmnist random 0.2 5
=== run 58/72: fmnist entropy noise=0.2 seed=3 ===
[fmnist|entropy|noise=0.2|seed=3] round 0: n=500 acc=0.7113 (5s)
[fmnist|entropy|noise=0.2|seed=3] round 1: n=1000 acc=0.7705 (14s)
[fmnist|entropy|noise=0.2|seed=3] round 2: n=1500 acc=0.7905 (25s)
[fmnist|entropy|noise=0.2|seed=3] round 3: n=2000 acc=0.8047 (36s)
[fmnist|entropy|noise=0.2|seed=3] round 4: n=2500 acc=0.8324 (49s)
[fmnist|entropy|noise=0.2|seed=3] round 5: n=3000 acc=0.8369 (64s)
skip (done): fmnist entropy 0.2 4
skip (done): fmnist entropy 0.2 5
=== run 61/72: fmnist bald noise=0.2 seed=3 ===
[fmnist|bald|noise=0.2|seed=3] round 0: n=500 acc=0.7113 (5s)
[fmnist|bald|noise=0.2|seed=3] round 1: n=1000 acc=0.7520 (34s)
[fmnist|bald|noise=0.2|seed=3] round 2: n=1500 acc=0.7779 (64s)
[fmnist|bald|noise=0.2|seed=3] round 3: n=2000 acc=0.7891 (95s)
[fmnist|bald|noise=0.2|seed=3] round 4: n=2500 acc=0.7979 (127s)
[fmnist|bald|noise=0.2|seed=3] round 5: n=3000 acc=0.8065 (160s)
skip (done): fmnist bald 0.2 4
skip (done): fmnist bald 0.2 5
=== run 64/72: fmnist coreset noise=0.2 seed=3 ===
[fmnist|coreset|noise=0.2|seed=3] round 0: n=500 acc=0.7113 (5s)
[fmnist|coreset|noise=0.2|seed=3] round 1: n=1000 acc=0.7606 (13s)
[fmnist|coreset|noise=0.2|seed=3] round 2: n=1500 acc=0.7933 (23s)
[fmnist|coreset|noise=0.2|seed=3] round 3: n=2000 acc=0.7835 (33s)
[fmnist|coreset|noise=0.2|seed=3] round 4: n=2500 acc=0.8161 (43s)
[fmnist|coreset|noise=0.2|seed=3] round 5: n=3000 acc=0.8177 (55s)
skip (done): fmnist coreset 0.2 4
skip (done): fmnist coreset 0.2 5
=== run 67/72: fmnist iris noise=0.2 seed=3 ===
[fmnist|iris|noise=0.2|seed=3] round 0: n=500 acc=0.7212 (5s)
[fmnist|iris|noise=0.2|seed=3] round 1: n=1000 acc=0.7476 (13s)
[fmnist|iris|noise=0.2|seed=3] round 2: n=1500 acc=0.7818 (22s)
[fmnist|iris|noise=0.2|seed=3] round 3: n=2000 acc=0.8172 (32s)
[fmnist|iris|noise=0.2|seed=3] round 4: n=2500 acc=0.8389 (42s)
[fmnist|iris|noise=0.2|seed=3] round 5: n=3000 acc=0.8537 (53s)
skip (done): fmnist iris 0.2 4
skip (done): fmnist iris 0.2 5
=== run 70/72: fmnist iris-norel noise=0.2 seed=3 ===
[fmnist|iris-norel|noise=0.2|seed=3] round 0: n=500 acc=0.7113 (4s)
[fmnist|iris-norel|noise=0.2|seed=3] round 1: n=1000 acc=0.7397 (11s)
[fmnist|iris-norel|noise=0.2|seed=3] round 2: n=1500 acc=0.7841 (19s)
[fmnist|iris-norel|noise=0.2|seed=3] round 3: n=2000 acc=0.8019 (27s)
[fmnist|iris-norel|noise=0.2|seed=3] round 4: n=2500 acc=0.8220 (36s)
[fmnist|iris-norel|noise=0.2|seed=3] round 5: n=3000 acc=0.8352 (46s)
skip (done): fmnist iris-norel 0.2 4
skip (done): fmnist iris-norel 0.2 5
ALL RUNS COMPLETE
